  --non-interactive is not supported, use $CI=1 instead
λ  WARN  TouchableWithoutFeedback is deprecated. Please use Pressable. 
  console.warn (D:\Programming\CompassApp\compass-front\node_modules\expo\node_modules\@expo\cli\src\start\server\serverLogLikeMetro.ts:177:21)
  warnOnce (D:\Programming\CompassApp\compass-front\node_modules\react-native-web\dist\modules\warnOnce\index.js:24:13)
  Component (D:\Programming\CompassApp\compass-front\node_modules\react-native-web\dist\exports\TouchableWithoutFeedback\index.js:37:11)
  Object.callComponentInDEV [as react_stack_bottom_frame] (D:\Programming\CompassApp\compass-front\node_modules\react-dom\cjs\react-dom-server-legacy.node.development.js:9808:18)
  renderWithHooks (D:\Programming\CompassApp\compass-front\node_modules\react-dom\cjs\react-dom-server-legacy.node.development.js:5062:19)
  renderElement (D:\Programming\CompassApp\compass-front\node_modules\react-dom\cjs\react-dom-server-legacy.node.development.js:6017:39)
  run (D:\Programming\CompassApp\compass-front\node_modules\react-dom\cjs\react-dom-server-legacy.node.development.js:6036:15)
  retryNode (D:\Programming\CompassApp\compass-front\node_modules\react-dom\cjs\react-dom-server-legacy.node.development.js:6417:31)
  renderNodeDestructive (D:\Programming\CompassApp\compass-front\node_modules\react-dom\cjs\react-dom-server-legacy.node.development.js:6367:11)
  renderNode (D:\Programming\CompassApp\compass-front\node_modules\react-dom\cjs\react-dom-server-legacy.node.development.js:6905:18)
λ  WARN  TouchableWithoutFeedback is deprecated. Please use Pressable. 
  console.warn (D:\Programming\CompassApp\compass-front\node_modules\expo\node_modules\@expo\cli\src\start\server\serverLogLikeMetro.ts:177:21)
  warnOnce (D:\Programming\CompassApp\compass-front\node_modules\react-native-web\dist\modules\warnOnce\index.js:24:13)
  Component (D:\Programming\CompassApp\compass-front\node_modules\react-native-web\dist\exports\TouchableWithoutFeedback\index.js:37:11)
  Object.callComponentInDEV [as react_stack_bottom_frame] (D:\Programming\CompassApp\compass-front\node_modules\react-dom\cjs\react-dom-server-legacy.node.development.js:9808:18)
  renderWithHooks (D:\Programming\CompassApp\compass-front\node_modules\react-dom\cjs\react-dom-server-legacy.node.development.js:5062:19)
  renderElement (D:\Programming\CompassApp\compass-front\node_modules\react-dom\cjs\react-dom-server-legacy.node.development.js:6017:39)
  run (D:\Programming\CompassApp\compass-front\node_modules\react-dom\cjs\react-dom-server-legacy.node.development.js:6036:15)
  retryNode (D:\Programming\CompassApp\compass-front\node_modules\react-dom\cjs\react-dom-server-legacy.node.development.js:6417:31)
  renderNodeDestructive (D:\Programming\CompassApp\compass-front\node_modules\react-dom\cjs\react-dom-server-legacy.node.development.js:6367:11)
  renderNode (D:\Programming\CompassApp\compass-front\node_modules\react-dom\cjs\react-dom-server-legacy.node.development.js:6905:18)
